>>> lazy_matrix_mul = __import__('101-lazy_matrix_mul').lazy_matrix_mul
>>> print(lazy_matrix_mul())
Traceback (most recent call last):
    ...
TypeError: lazy_matrix_mul() missing 2 required positional arguments: 'm_a' and 'm_b'

>>> print(lazy_matrix_mul([[3]]))
Traceback (most recent call last):
    ...
TypeError: lazy_matrix_mul() missing 1 required positional argument: 'm_b'

>>> print(lazy_matrix_mul([[1, 2], [3, 4]], [[1, 2], [3, 4]]))
[[ 7 10]
 [15 22]]

>>> print(lazy_matrix_mul(((1, 2), (3, 4)), ((1, 2), (3, 4))))
Traceback (most recent call last):
    ...
TypeError: Scalar operands are not allowed, use '*' instead

>>> print(lazy_matrix_mul([[1, 2], (3, 4)], [[1, 2], [3, 4]]))
Traceback (most recent call last):
    ...
TypeError: m_a must be a list of lists

>>> print(lazy_matrix_mul([],[]))
Traceback (most recent call last):
    ...
ValueError: shapes (1,0) and (2,2) not aligned: 0 (dim 1) != 2 (dim 0)

>>> print(lazy_matrix_mul([[1]],[[]]))
Traceback (most recent call last):
    ...
ValueError: shapes (2,2) and (1,0) not aligned: 2 (dim 1) != 1 (dim 0)

>>> print(lazy_matrix_mul([[1, 2], [3, 4]], [[1, 2+5j], [3, 4]]))
Traceback (most recent call last):
    ...
TypeError: invalid data type for einsum

>>> print(lazy_matrix_mul([[1, 2], [3, 4]], [[1], [3, 4]]))
Traceback (most recent call last):
    ...
TypeError: setting an array element with a sequence.

>>> print(lazy_matrix_mul([[1, 2]], [[3, 4], [5, 6], [7, 8]]))
Traceback (most recent call last):
    ...
ValueError: shapes (2,3) and (2,2) not aligned: 3 (dim 1) != 2 (dim 0)

>>> print(lazy_matrix_mul([[12]], "str"))
Traceback (most recent call last):
    ...
TypeError: Scalar operands are not allowed, use '*' instead

>>> print(lazy_matrix_mul([[12]], [1,2,3]))
Traceback (most recent call last):
    ...
TypeError: m_b must be a list of lists

>>> print(lazy_matrix_mul([[1j, 2j], [3j, 4j]], [[1, 2], [3, 4]]))
Traceback (most recent call last):
    ...
TypeError: invalid data type for einsum

>>> print(lazy_matrix_mul([[1], [3,4 ,5 ], [6, 7]], [[3, 4], [5, 6], [7, 8]]))
Traceback (most recent call last):
    ...
TypeError: setting an array element with a sequence.
